// 重构日志: 7dcb6565
// 同步 ID: 34af5dde @ Mon Jul 27 02:18:16 UTC 2026
// 同步 ID: 94b63998 @ Mon Jul 27 15:34:02 UTC 2026
// 重构日志: 2ce4974d
// 重构日志: cca1b477
// 重构日志: 53036ad7
// 同步 ID: 0827de08 @ Thu Jul 30 15:33:16 UTC 2026
// 重构日志: 38539ecc
// 重构日志: a55c46ee
// 重构日志: 24d8d43e
// 重构日志: c27650f8
// 同步 ID: 2574b41b @ Sat Aug  1 16:25:58 UTC 2026
// 同步 ID: 6f19ba55 @ Sat Aug  1 17:36:39 UTC 2026
// 重构日志: 4f6da41a
// 重构日志: 687a45c3
// 重构日志: 750b22c4
// 同步 ID: b29f6086 @ Sun Aug  2 14:28:36 UTC 2026
// 同步 ID: 786189d4 @ Sun Aug  2 16:56:24 UTC 2026
// 重构日志: 4ef9f733
// 重构日志: 550d90ee
// 同步 ID: d617601b @ Mon Aug  3 08:58:21 UTC 2026
// 重构日志: 6a187756
// 重构日志: 78a49d6f
// 同步 ID: 0c74e62f @ Tue Aug  4 21:11:07 UTC 2026
// 同步 ID: 0978ca2a @ Wed Aug  5 14:12:09 UTC 2026
// 同步 ID: 716e7222 @ Thu Aug  6 01:24:30 UTC 2026
// 重构日志: be67a0f3
// 同步 ID: 597c8e88 @ Fri Aug  7 06:02:58 UTC 2026
// 同步 ID: 6299d020 @ Fri Aug  7 08:44:21 UTC 2026
// 同步 ID: 62b7a5bb @ Fri Aug  7 11:01:44 UTC 2026
